---
source: src/picker.rs
assertion_line: 471
expression: terminal.backend()
---
"┌ search ──────────────────────────────────────────────────────────────────────────────┐"
"│git ws pr> git  2 match(es)                                                           │"
"└──────────────────────────────────────────────────────────────────────────────────────┘"
"┌ candidates ──────────────────────────────────────────────────────────────────────────┐"
"│  PR           Title                                 Head                             │"
"│› #1           feat: add git-ws CLI                  feat/implement-git-ws-cli        │"
"│  #2           fix: cleanup default branch           fix/cleanup-default              │"
"│                                                                                      │"
"│                                                                                      │"
"│                                                                                      │"
"│                                                                                      │"
"└──────────────────────────────────────────────────────────────────────────────────────┘"
"┌ detail ──────────────────────────────────────────────────────────────────────────────┐"
"│Selected feat: add git-ws CLI                                                         │"
"│Detail   feat/implement-git-ws-cli                                                    │"
"│Action   create worktree for PR #1                                                    │"
"└──────────────────────────────────────────────────────────────────────────────────────┘"
"type to filter  ↑/↓ ctrl+n/p move  enter select  esc cancel                             "
