---
source: src/cleanup.rs
assertion_line: 819
expression: terminal.backend()
---
"┌ cleanup ───────────────────────────────────────────────────────────────────────────────────────────────────────────────────────────────────────────┐"
"│git ws cleanup  2 candidate(s), 1 selected                                                                                                          │"
"└────────────────────────────────────────────────────────────────────────────────────────────────────────────────────────────────────────────────────┘"
"┌ candidates ────────────────────────────────────────────────────────────────────────────────────────────────────────────────────────────────────────┐"
"│  Del   Branch                                  Disposition      Reasons            Path                                Action                      │"
"│› [x]   feature/default-merged                  SafeDelete       merged             /repo/.worktrees/default-merged     git worktree remove /repo/.w│"
"│  [ ]   feature/gone                            SkipUnmerged     gone,unmerged      -                                   git branch -D feature/gone  │"
"│                                                                                                                                                    │"
"│                                                                                                                                                    │"
"│                                                                                                                                                    │"
"│                                                                                                                                                    │"
"└────────────────────────────────────────────────────────────────────────────────────────────────────────────────────────────────────────────────────┘"
"┌ detail ────────────────────────────────────────────────────────────────────────────────────────────────────────────────────────────────────────────┐"
"│Branch  feature/default-merged                                                                                                                      │"
"│State   SafeDelete                                                                                                                                  │"
"│Reason  merged                                                                                                                                      │"
"│Path    /repo/.worktrees/default-merged                                                                                                             │"
"│Action  git worktree remove /repo/.worktrees/default-merged && git branch -D feature/default-merged                                                 │"
"└────────────────────────────────────────────────────────────────────────────────────────────────────────────────────────────────────────────────────┘"
"space toggle  a all  ↑/↓ ctrl+n/p move  enter delete  esc cancel                                                                                      "
