---
source: src/cleanup.rs
assertion_line: 640
expression: terminal.backend()
---
"┌ cleanup ─────────────────────────────────────────────────────────────────────────────────────┐"
"│git ws cleanup  2 candidate(s), 1 selected                                                    │"
"└──────────────────────────────────────────────────────────────────────────────────────────────┘"
"┌ candidates ──────────────────────────────────────────────────────────────────────────────────┐"
"│  Del   Branch                            Reason             Path                             │"
"│› [x]   feature/default-merged            merged             /repo/.worktrees/default-merged  │"
"│  [ ]   feature/gone                      gone               -                                │"
"│                                                                                              │"
"│                                                                                              │"
"│                                                                                              │"
"│                                                                                              │"
"│                                                                                              │"
"└──────────────────────────────────────────────────────────────────────────────────────────────┘"
"┌ detail ──────────────────────────────────────────────────────────────────────────────────────┐"
"│Branch  feature/default-merged                                                                │"
"│Reason  merged                                                                                │"
"└──────────────────────────────────────────────────────────────────────────────────────────────┘"
"space toggle  a all  ↑/↓ move  enter delete  esc cancel                                         "
